abatir
abochornar
aborrecer
acongojarse
aflicción
afligir
afligirse
amargura
angustia
angustiado
antipatía
apesadumbrado
arrepentido
asqueroso
atroz
cabreado
congoja
contrariedad
contrito
crueldad
culpabilidad
deprimente
deprimir
desagradable
desagradar
desagrado
desalentar
desconsolado
desdicha
desesperado
desolado
detestar
difícil
disgustar
dolorido
doloroso
enfadado
enojado
enojoso
espantoso
exasperar
fastidioso
frustrado
horroroso
insatisfecho
iracundo
irascible
irritante
malhumor
malévolo
melancólico
miedoso
molesto
mosqueado
odiar
odio
ofender
oscuro
pesadumbre
pesar
rencor
resentimiento
sombrío
temer
terrible
triste
vilipendio
acoso
airado
angustiosamente
animadversión
ansiosamente
apenarse
apocar
aprensivo
asqueadamente
avaricioso
avaro
avergonzante
berrinche
calamitoso
cargante
codiciar
coléricamente
compadecer
compadecerse
compunción
cínico
defraudado
depre
deprimido
desagradecimiento
desanimar
desasosegadamente
desasosegado
desconsuelo
desdeñar
desecho
desesperadamente
desesperanzado
desfallecimiento
deshonrado
destructivo
detestación
dificultoso
disforia
disgustoso
dolido
embarazoso
encolerizarse
enfadarse
enfadoso
enfurecerse
enfurecido
engorroso
enojarse
entristecerse
entristecido
estremecedor
fastidiado
frustrante
furibundo
horrendo
horrorizado
humillante
ignominioso
indignado
indignante
ingratitud
irritado
lastimero
lóbrego
lúgubre
macabro
maleficencia
malevolencia
malignidad
maléfico
misantrópico
misoginia
misántropo
misógino
mohíno
mortificante
mortificar
oprobioso
pataleta
pavoroso
perturbador
provocado
quejumbroso
rabieta
terrorífico
transtornado
turbado
ultrajante
vejación
verraquera
adinamia
adulterino
agarrado
amenazador
ampollar
angustiar
antiestético
apestoso
asesino
asimetría
atrofia
autodestructivo
averno
calumniador
calumnioso
censurable
cerrilismo
ceño
cicatero
condenable
condenatorio
condolencia
condolencias
contrabandista
criticable
denigrador
denigratorio
desacreditador
desamparar
desaprovechamiento
desarmonía
desasistir
desconocer
descorazonar
desequilibrio
desesperanzar
desgraciados
deshonor
desprestigiador
desventajoso
deteriorable
difamador
difamatorio
disconformidad
discontinuidad
disimulador
envilecimiento
escrofuloso
espurio
excoriación
expensas
falsario
fechoría
feo
fingir
frunción
fríamente
fétido
fóbico
garrapo
guindar
hipocondríaco
homicida
huraño
impasable
impersonalmente
inanidad
incompetencia
inconstructivo
incriminable
incultura
indigestible
ineficacia
ineficiencia
inelasticidad
ineligible
infierno
infranqueable
inhabilidad
injurioso
inobservancia
insubstancialidad
intransitable
irrepresentable
kitsch
lagrimar
lerdo
malhumorado
maloliente
maniacodepresivo
matutero
mentiroso
metedor
noluntad
orco
padecimiento
parásitos
pestilente
pillado
protestatario
protestativo
psicopatológico
psicopático
putada
putería
putrescible
pésame
ramplonería
rata
recriminable
regañón
reprensible
reprochable
roncería
saqueado
suicida
tacaño
tenebroso
tontamente
torcedor
veleidoso
abúlico
acongojado
agonizar
agónico
ahuecamiento
algofóbico
amencia
antipatriótico
aparatosidad
autoincriminación
autoinculpación
autotormento
autotortura
aventurado
bastedad
bilioso
burlón
canallada
canallesco
caradura
carcomido
ceguedad
ceguera
ceñudo
contumelia
cretino
culpa
degradarse
denunciable
desafortunadamente
desesclarecedor
deshonrarse
deshonrosamente
despreciado
destructividad
desvancerse
detestado
dispéptico
encontrón
engravecer
enloquecido
envanecimiento
espúreo
esquizofrénico
fraudulento
gafe
golpiza
hedor
hipocondría
hosco
idiota
imperfectamente
impetuoso
impopularidad
imprevisión
imprevisor
impropicio
inamovible
incombinable
inconsolable
indigerible
indigno
ineficiente
inexpiable
inextricable
infligir
inflingir
ingrato
inhospitalidad
insolvencia
insultante
invidencia
irreversible
linchar
lividez
luto
magnicidio
malparir
mefítico
misofóbico
odiado
paroxismo
pasividad
pestazo
pleito
profanado
regañar
satanofobia
sordera
sucedáneo
testaduro
tramposo
traumatizar
tufillo
tufo
vermiculado
verminoso
xenófobo
ñoño
abetalipoproteinemia
acetoso
acriminación
adulterar
afanar
agobiar
agobio
agonía
agorero
agridulce
altercado
amnésico
amortecerse
anglofobia
apechar
apretura
aprieto
arisco
arrizar
arruinarse
asesinar
asesinato
asolador
atezado
atonía
atrofiarse
aturdimento
avinagrado
bastardo
basto
befar
birlar
brete
bufar
camorrero
cansancio
carente
cargarse
cascarrabias
castigar
censurador
chabacanería
chacoteo
chafarrinón
chaquetero
choquear
combatir
comparendo
conflicto
contrasentido
correría
corrupto
dañoso
defecto
deficiencia
delito
desaconsejado
desagradecido
desasimiento
desasistido
desautorizar
descalificado
descaramiento
descortesía
descortés
desenmadejar
desfavorable
deshonra
deshonrar
desigualmente
deslucimiento
desobedecer
desproporcionado
destructor
destruirse
desértico
detrimento
discordia
dismenorrea
disturbar
divisivo
doler
dramón
elegía
embabucar
embaucar
embaír
emboscada
encandilar
endiablado
engañosamente
engreimiento
enterrado
eritrodermia
escapatoria
escocedura
escozor
estrago
estática
faccioso
falazmente
falsificar
farfolla
filfa
fracasar
fullería
fusilar
galbana
garabatos
garrapato
gilipollas
grosero
grosería
hambruna
hediondez
hijoputa
hipognato
hipotiroidismo
holgazanería
hortera
hosquedad
hurtar
ido
ignorancia
ignorante
ilógico
imaginado
imaginario
impensable
imperdonable
implacable
imprecación
improperio
impropiedad
impás
inadmisible
inanimado
inapetente
inapetitoso
incognoscible
incomprensión
increpación
increpar
incriminación
inculpación
indecencia
indecoroso
indigesto
inexpugnable
infernal
inhabilitado
inmerecido
inmutabilidad
insensitividad
irreconocible
irrecuperable
irreducible
lasitud
llorar
lordosis
mal
maldición
mandinga
melodramático
mentir
mestizar
mácula
obscuridad
odinofagia
oscurecerse
osteofito
padecer
pajarota
palabrota
paranoico
paraplejia
paraplejía
paraplégico
peleador
peligroso
penalizar
pendenciero
perdida
perdularia
picaresca
pitada
precariedad
principiante
prognato
prohibidor
provincianismo
pusilanimidad
quejido
rachear
rebato
recalcitrar
rechiflar
recular
regañina
regaño
reniego
reprochar
reproche
resentirse
resignacion
roñoso
rudo
ruin
rácano
saltarse
saprófito
silbas
siniestro
socorrer
soez
subdesarrollo
sufrimiento
tiranicidio
tosquedad
traicionar
tísico
vaya
vituperación
volteado
volubilidad
voluble
yerto
zafiedad
zafio
ablandabrevas
abombar
abordabilidad
abroncar
aburrir
abusión
acalorar
aciago
acoquinado
acracia
adiposo
adustez
agentes
agranulocítico
alarmismo
albuminuria
algómetro
alopécico
aminorado
analfabetismo
anarquía
anatematizar
anestesia
anginal
anginoso
angustioso
aniquilación
aniquilamiento
anodino
anquilosis
antagonizar
apelante
apocalipsis
ardentía
ardores
arrasamiento
arruinamiento
artralgia
asaltante
asolar
astrafobia
astuta
astuto
atacante
aterrador
atolladero
atormentarse
atrasarse
aventar
ay
azarosamente
aztreonam
baldado
batracomiomaquia
befa
bellacamente
berenjenal
beriberi
bibos
biserrado
blanquito
bluff
bragas
broncoespasmo
bronquítico
cabezudo
cabezón
cacofonía
cacofónico
cadaverina
cafre
cagarla
cagón
calambrazo
calambre
calumnia
canotier
canotié
cantonero
cariadura
castigable
cataclísmico
catastrofismo
chapuza
charro
cheposo
chiquilicuatro
chirriante
chismosa
chucho
cizañar
cleptómano
cnidiosporidios
colchoneta
cominero
comisar
complicar
comprometedor
condolerse
confrontar
consolable
contrabandear
contrahacimiento
contrahecho
corcovado
crepuscular
criminalmente
criticón
crédulo
cubil
curco
curioseo
decoloración
deletereo
demente
deprecación
desabrido
desanimadamente
desapacible
desaprensión
desatención
descariñado
descolorido
desdeñable
desenmarañado
desfavorecer
desgraciadamente
deshonestamente
deshonesto
desinclinado
desmejorar
desmesura
desorientamiento
desprotección
desproveído
destructibilidad
dificultad
disimulación
disonancia
disparejo
disuria
elegiaco
embastecido
embravecido
empalidecer
empeorarse
encame
endecha
enemistar
enervado
enfrentamiento
enfrentar
ennegrecer
ennegrecerse
enrarecido
entorpecer
entrometida
entumecido
envilecido
eritema
escarcharse
escarnecedor
esguince
esmerarse
espasmo
especiosidad
espermicida
espondilitis
esporádico
estereotipado
estranguladores
estremecido
estresante
estribación
estúpidamente
evasivo
exasperado
excesivamente
excrecencia
extremado
extremista
faisandé
fake
falsear
falta
fanafarronada
fantaseador
fatalidad
fatídico
ferocidad
feúcho
fiereza
fingimiento
fisgoneo
fosilizado
fragilidad
fragor
gangrenoso
gemfibrozil
giboso
ginofobia
glosalgia
glosodinia
gorigori
graffiti
granítico
graso
graznidos
guanaco
guasón
guerrillero
gustillo
hampa
hastiar
hediondo
hemopatía
hemosiderosis
hepatomegalia
heterodoxo
heterogeneidad
hiperadrenocorticalismo
hipoglucemia
histérico
husmeo
hórrido
iconoclasia
iconoclasía
ignorado
impiedad
impolítico
impropiamente
impunidad
inanición
inaplicabilidad
inatención
inceremonioso
inclumplir
incompatiblemente
inconcebible
inconstitucional
inconveniente
incriminatorio
inculpatorio
indecoro
indefensión
indestructibilidad
indignidad
inelegancia
inelegantemente
inescrupuloso
inexcusablemente
inexperiencia
inexplicable
inexplicación
inframaxilar
ininteligente
injustificadamente
inmolar
innavegable
inoperable
insalvable
insalvables
insatisfacible
insensibilizado
insincero
insoportable
insostenible
insulsez
insulto
insustancialidad
intimidante
invidente
irrespetuoso
ixódidos
jeremiada
jorobado
jorobado
lamentablemente
lamentación
lamentado
laringofaringe
licopeno
lisiado
liza
llorado
llorón
loquera
majara
majareta
maletudo
malintencionado
malograrse
mandibular
mangar
maniacodepresivo
manida
martirio
mastalgia
maximalista
megalomaníaco
mequetrefe
metralgia
microsporidios
misofobia
mitigado
mixosporidios
mofador
monstruosidad
multable
mutilado
muyahid
narcosis
narcotismo
necedad
nefando
nictalopía
ninfómana
novato
nubarrón
obseso
odiosidad
ofenderse
oftalmia
oftalmía
ordinariez
oscurecido
osteoporosis
pajarraca
pajarraco
palidecer
pandear
parafilia
paralogismo
parquedad
patetismo
patéticamente
patético
pejiguero
pelafustán
penitenciario
perecedero
perplejo
perrucho
picotada
picotazo
pifiado
piquetazo
piromanía
pirosis
plomizo
poltergeist
prevaricación
prodrómico
profanidad
proteinuria
provisionalmente
psicopatología
punch
punible
punitivo
puñetazo
puñete
puñetero
pájara
pícara
quebradero
quejica
quejicoso
quejosamente
quejumbre
queratalgia
querencia
quijotesco
rarito
rascada
rascadura
rasposo
recurrente
redoble
refocilo
regodeo
rencoroso
repelón
replegarse
reprensión
requiescat
resabio
retraïdo
rookie
rucio
rusticidad
rutinario
sabotaje
salobre
saturnino
scratch
sobreexcitación
sobresalto
sociopático
sofisma
sofocador
sordo
speakeasy
stogie
stogy
subalimentado
subproducción
subyugado
suicidarse
superstición
sínfisis
tanatofobia
terracota
terrorismo
thuggee
tormenta
torpedear
toxicidad
trastornado
traumático
treno
trifulca
tristemente
tullido
tunco
turbador
tórtola
urodinia
vacunado
vamos
vencido
viciado
viejuja
viento
vil
vileza
vituperioso
vociferación
voluntariedad
voluntarismo
volátil
zambombo
zarrapastroso
