anger
annoyed
contempt
dismay
distressed
drab
embarrassing
gloomy
grieve
hideous
horrific
malevolent
misanthropic
misanthropical
mortifying
mournful
offend
sorrow
sorry
torment
trouble
ugly
unhappy
vexing
worried
abase
abhorrence
abomination
aggravation
angrily
angry
annoy
annoying
anxiously
apprehensively
atrocious
belligerent
bereaved
bothersome
brokenheartedness
chagrin
cheerless
cheerlessness
chilling
choleric
commiserate
commiseration
compassion
compassionateness
conniption
contemn
contrite
covet
cynical
daze
defeated
deject
demeaning
depressing
desolate
despairingly
despise
despite
despiteful
despondent
despondently
detest
detestation
diffidence
dingy
dire
direful
disappointed
discomfited
disconsolate
disdain
disdain
disgraced
disgustedly
disgustful
disgusting
dishonored
disinclined
dislikable
dislike
dismal
dispirit
displease
displeased
displeasing
disquieted
distasteful
distressful
distressfully
disturbing
doleful
dolefulness
dolor
dolorous
dolour
dolourous
downhearted
dread
dread
dreaded
dreadful
drear
dreary
dysphoria
dysphoric
fearsome
foiled
forlorn
frightening
frustrated
galling
gloomful
glooming
glum
grieving
guilt
harassed
harried
hate
heartache
heartbreak
heartbreaking
heartburning
heartrending
heartsick
heavyhearted
horrendous
horrible
horrified
horrifying
horror
huffiness
huffish
humble
humbling
humiliate
humiliating
ignominious
inauspicious
incensed
indignant
infuriating
inglorious
ingratitude
intimidated
irascible
irritated
lachrymose
loathing
loathly
maddening
malefic
maleficence
malevolence
malice
maliciousness
malign
malignity
melancholic
melancholy
miffed
misogynism
misogyny
mournfulness
mourning
nervy
nettle
nettled
nettlesome
noisome
opprobrious
outraged
overjealous
peeved
penitent
perturbing
pesky
pestered
pestering
pique
pity
plaguey
plaguy
plaintive
pout
provoked
regret
regretful
remorseful
repelling
repentant
resentful
revolting
revulsion
riled
risky
rueful
ruefulness
ruthful
ruthfulness
sadden
sadness
scarey
scary
scorn
scorn
shivery
shuddery
skanky
sore
sorrow
sorrowfulness
sorrowing
spite
spiteful
spitefulness
stung
suffering
sulk
sulky
tantrum
tearfulness
thwarted
troubling
uncheerful
uneasily
unenviable
unfriendliness
ungratefulness
unhappiness
unhopeful
unkind
venom
vexatious
vile
weepiness
woe
woebegone
woefulness
worrisome
worrying
wrathful
wroth
wrothful
yucky
adynamia
afflict
affliction
afflictive
anguish
anguish
animadversion
assuming
asymmetry
atrophy
backwardness
baleful
bastard
bastard
berating
betray
bitchiness
blamable
blameable
blameful
blameworthy
blemish
blemished
blockheaded
bloodguilty
bogus
boneheaded
cabbage
caddish
caliginous
callowness
calumniatory
calumnious
carnage
castigate
cattiness
censurable
charcoal
charnel
chinchy
churlish
clamminess
cloddish
condemnable
condemnatory
condemning
condolence
contemptuousness
contrabandist
convict
crappy
crass
cuckold
culpable
curmudgeonly
dankness
darkening
darkish
decayable
decayed
deceive
defamatory
defect
delude
demote
denigrating
denigrative
denigratory
desecrated
despicable
despoiled
dickhead
difficultness
disadvantageous
disagreeable
disagreeableness
discontinuity
disesteem
disfluency
disharmony
dishearten
dishonor
dishonour
disliked
disregard
dissimulative
dissymmetry
doltish
duncical
duncish
egregious
enrage
eyesore
fatheaded
fetid
filch
flagrant
flawed
foetid
foolishly
forsake
frigidly
frostily
frown
gammy
gaumless
ghoulish
gloat
gloating
godforsaken
gormless
guiltiness
harmful
hell
hellhole
humbug
hypochondriac
hypochondriacal
illegitimate
immoderate
impassable
improperly
improperness
impugn
inadmissible
inanity
inaptitude
incapacity
incompetence
incompetency
incomprehensive
incoordination
indecorousness
inefficaciousness
inefficacy
inefficiency
inelasticity
inexperienced
inexperient
inflexibleness
inharmoniousness
involuntariness
irrecoverable
liar
libellous
libelous
loggerheaded
loveless
malignment
malodorous
malodourous
manky
mar
massacre
menacing
minacious
minatory
misapply
misbegot
misbegotten
misbehavior
misbehaviour
miscarry
mischievous
misdeed
misogynistic
misogynous
misuse
motherfucker
murder
murder
nagging
nastiness
netherworld
nitwitted
noncomprehensive
nondigestible
nonliving
off
overpoweringly
overwhelmingly
parsimonious
perplex
phobic
phoney
phony
pilfer
pointlessness
presumptuous
prevaricator
protestant
psychopathic
psychopathologic
psychopathological
purloin
putrefiable
putrescible
quack
rampage
raped
raucous
ravaged
reprehensible
roofy
rophy
rotted
rotten
rubbishy
sacked
scowl
scurrilous
selfishness
senselessness
shirty
shitty
shortcoming
showdown
shrewish
slanderous
slay
slayer
slaying
smelly
smuggle
smuggler
snarf
snorty
spoilable
spurn
static
stinking
stinky
strife
suicidal
surly
tactlessness
talentlessness
tempest
tenebrific
tenebrious
tenebrous
thickheaded
unanimated
unappreciative
unbending
unchivalrous
uncleanliness
unconnectedness
unconstructive
uncooperative
uncouthness
uncreativeness
undeserving
undignified
unenlightenment
unfavorably
unfavourably
ungallant
unknowing
unknowledgeable
unmalleability
unmerited
unmitigable
unnavigable
unobliging
unpassable
unperceptiveness
unpleasingness
unrecoverable
unseemliness
unsightly
untraversable
untrustworthy
untrusty
unwillingness
unwisely
unworthy
vilification
waste
weep
whoreson
withering
witless
aboulic
abulic
achromasia
achromatous
acidulent
acidulous
agonised
agonized
alas
algid
algophobic
amateurishness
anguished
asshole
assumed
atrabilious
baseness
bastardly
berate
bereavement
betise
blindness
brainish
brash
brokenhearted
brusk
brusque
bypass
cataclysmal
cataclysmic
cecity
chargeable
chastise
cheeky
chide
closefisted
conscienceless
contemptibility
contemptible
contemptuous
contumely
crabbed
crabby
crazed
cruelness
cussedness
damnatory
damning
dangerous
darkling
deafness
demean
deranged
deride
derisive
despicability
despicableness
despised
destructive
destructiveness
detested
disapprobation
disequilibrium
disingenuousness
disproportional
disturb
dumbfound
dustup
dyspeptic
empurpled
ersatz
exceptionable
fallout
feeblemindedness
feigned
feral
ferine
ferocity
fetor
fierceness
flightless
flummox
foetor
forceless
fragility
fraudulent
frowning
furiousness
gibelike
godless
grossness
grotty
grouchy
grumpy
hardfisted
hated
hazardous
heartbroken
hellish
hexed
hotheaded
hypochondria
hypochondriasis
hypopigmentation
ignorantness
immoderateness
immoderation
imperfectly
impetuous
impiety
impiousness
impish
implacable
implike
imprecise
improvidence
imprudence
inaccurate
inadequately
inadequateness
inadvisable
inauthentic
incognizance
incognizant
incompressible
inconsolable
indictable
indigestible
ineffectiveness
ineffectuality
ineffectualness
inefficient
inequitable
inexpiable
inextirpable
inextricable
infertile
inflict
inhospitality
inopportune
insolvency
insulting
irk
irreversible
irritant
jeering
jinxed
killer
kvetch
liverish
livery
lividness
lynch
madcap
malodor
malodour
mephitic
miserliness
misleading
misuse
mobbish
moblike
mulish
mysophobic
naiveness
naivete
naivety
nescience
niff
niffy
nonintellectual
nonplus
objectionable
obnoxious
obtund
offended
orneriness
ostentatiousness
pain
pained
pallidness
pallor
peevish
penalise
penalize
perniciousness
perplexed
pettish
petulant
pine
plain
pomposity
pompousness
pong
prankish
pretend
pretended
primitiveness
puckish
punish
pusillanimous
quetch
rancorous
raunch
rebuke
reek
regrettably
resourceless
revilement
roughhouse
rowdy
rudeness
satanophobia
schizophrenic
scorned
scornful
scowl
scowling
sham
sightlessness
sirrah
sneering
snide
spavined
splashiness
springless
starving
stench
stink
struggling
styleless
talentless
taunting
tearaway
techy
testy
tetchy
throes
tightfisted
tinpot
tortured
tragical
trashy
traumatise
traumatize
trifling
troublesomeness
unadvisable
unalert
unauthentic
unaware
uncharitable
unchaste
uncivil
unclimbable
unconsecrated
unconsolable
uncordial
uncorrectable
uncreative
undependable
undeserved
undiplomatic
undiscerning
unedifying
unfertile
unfertilised
unfertilized
unforceful
unforeseeable
unforgivable
unfortunately
unglamorous
unglamourous
ungodliness
ungracefulness
ungraciousness
ungratified
unhallowed
unkindness
unknowable
unknowing
unluckily
unmeritorious
unpatriotic
unpeaceful
unpermissive
unpermissiveness
unpopularity
unpropitious
unrestraint
unripe
unripened
unsanctified
unsightliness
unsubstantial
untalented
untoward
unvigilant
unwatchful
upbraiding
verminous
vulgarity
wanness
whimper
whine
wimpish
wimpy
wistful
worriment
worthless
wrecked
xenophobic
yen
abetalipoproteinemia
abuse
abusive
acerb
acerbic
ache
aching
achy
acned
acrimony
adamant
addle
aggravator
agonise
agonize
ail
alarming
alienating
ambuscade
ambush
amnesiac
amorally
amyotonia
anaemia
anemia
apathy
apocalyptical
assassinated
assassination
atonia
atonicity
atony
atrophy
attaint
badinage
ballup
bane
baneful
barbaric
battle
bedlam
beneath
bilious
biliousness
bittersweet
blackguardly
blain
blame
blemish
boo
boorish
boorishness
bounderish
brattish
bratty
brawler
brazen
breakability
broke
brook
buffalo
burdensomeness
buried
bust
cacography
caitiff
callow
canard
catcall
chafed
chicanery
chintzy
clash
clavus
coarsely
cockup
combat
complexity
complexness
conceitedness
condescending
cozen
crackbrained
crazy
creepy
crepuscular
criminalise
crudity
daimon
damage
daring
darken
dastardliness
deaf
deceivingly
deceptively
decry
defect
desert
desperado
destruct
detriment
difficulty
dimness
dinge
dinginess
disapprovingly
discord
discourteous
disgrace
dishonorable
disinterest
disjointedness
disobey
disobliging
disproportionate
disqualified
disrespect
dissembling
dissentious
disunity
divisive
dogsbody
doom
dork
dowdiness
downspin
downstair
downstairs
drabness
drudging
dupe
dusky
dysmenorrhea
elegy
elements
endangered
enjoining
enjoinment
ersatz
erythroderma
excoriation
excruciation
executed
factious
faint
faithlessness
fake
fallen
falsify
famine
feign
feigning
fickle
fickleness
fitch
flash
flaw
flinch
fob
forbidding
foulmart
foumart
frangibility
frangibleness
fraudulently
frayed
frivolousness
frowsty
frump
funk
fusillade
gall
galled
garish
gauche
ghastly
gimcrack
gouty
gracelessness
grimness
grizzled
gruff
haphazardness
hardship
harsh
hassle
hueless
huff
humdrum
hurt
hurtful
hurting
hypognathous
hypothyroidism
hysterics
ignorance
ignorant
ill
illegalise
illegalize
illogic
illogicality
illogicalness
imaginary
imbalance
immorally
immunodeficient
immutability
immutableness
impersonally
impious
imprecation
impreciseness
imprecision
imprudent
inadequacy
inanimate
inanition
inarguable
incomprehension
incrimination
inculpation
ineffective
inelastic
ineligible
inexorable
inexpressible
inexpugnable
inferno
inflexibility
inhumed
insentience
insubstantiality
interred
intolerable
intolerably
intransigent
invective
irrationally
irreducible
jeer
jeer
jeering
jejuneness
jumbled
kaput
keen
laboring
labouring
lament
languish
licentious
listlessness
looney
loony
lordosis
losings
losses
lousy
loutish
lowbred
maladroit
maladroitness
mangey
mangy
maraud
marred
mephitis
meritless
meshuga
meshugga
meshugge
meshuggeneh
meshuggener
miff
miff
misgovernment
misleadingly
misrule
mongrel
mongrelise
mongrelize
moroseness
mourn
mourning
murk
neandertal
neanderthal
nemesis
nerve
nonchalance
nonconformance
nonconformism
nutcase
oafish
object
objurgate
obscurity
odynophagia
ominous
onerousness
ordeal
osteophyte
outlaw
palsied
pandemonium
paranoid
paraplegia
paraplegic
paroxysm
patronising
patronizing
peeve
peeve
penurious
perdition
perishability
perishableness
pettishness
pimpled
pimply
pittance
poorly
precursory
predicament
premonitory
pretentiousness
prognathic
psychoneurotic
puffiness
pusillanimity
pusillanimousness
pustulate
puzzle
quail
quarrelsome
rage
ravaging
ravaging
razz
razzing
rebuke
renege
reprehend
reprehension
reprimand
reproach
reproof
reproval
resent
revoke
roughish
rubbish
safehold
scandalise
scandalize
scarce
scarceness
scarcity
schmo
schmuck
scoff
scoffing
scold
scoundrelly
scrambled
scrawl
scruffy
sham
shiftlessness
shmo
shmuck
shoddy
skint
sleaze
smart
smarting
snappishness
sneer
somber
sombre
sordidness
speechless
spiritlessness
spite
spurious
spuriousness
squandermania
sterilised
sterilized
stochasticity
stomach
storm
stricture
subnormality
subpoena
succor
succour
suffering
sullenness
surliness
swart
swarthy
swearword
swoon
tart
tasteless
tat
tawdry
threatening
throe
thumbed
tiredness
toiling
torturer
treacherous
trick
troubled
tsk
tsoris
tut
tyrannicide
unacceptably
unaccommodating
unalienable
unappetising
unappetizing
unarguable
unattackable
unattractive
unauthorised
unauthorized
unbearable
unbeatable
unblessed
unceremonious
uncheckable
unconcern
unconsciousness
uncouth
uncultured
underworld
unendurable
unenlivened
unentitled
unexpressible
unfailingly
unflattering
ungenerous
ungrateful
unguarded
unhappily
unhealthiness
unholy
unknowingness
unmodifiable
unpersuadable
unpleasing
unprofitable
unqualified
unreceptive
unreformable
unregularity
unreliable
unremunerative
unrighteous
unsafe
unsanctification
unsatisfactoriness
unsatisfied
unscholarly
unscrupulously
unsoundness
unstatesmanlike
unsuasible
unsuccessfully
untempting
unthinkable
untraceable
unverified
unwitting
unworthiness
vinegarish
vinegary
vituperation
volatile
vulgarism
wail
wan
wangle
warring
weariness
weirdo
wile
wrangle
yokelish
abnormally
abrasive
abreact
accurse
accursed
accurst
adipose
admonishing
adverse
afebrile
aftertaste
aghast
agitating
agitative
agnail
agonising
agonizing
agranulocytic
ailing
aimlessness
airheaded
alarmism
alarum
albuminuria
algometer
alkalemia
alopecic
amateurish
ambulate
ambuscade
anaesthesia
analphabetism
anarchy
anathematise
anathematize
anchylosis
anergy
anesthesia
anginal
anginose
anginous
ankylosis
annihilation
antemortem
antineoplastic
anxiolytic
aphakic
aphonia
apocalypse
appalled
appellant
armlet
arsehole
arthralgia
assailability
assassinator
assaultive
asthenosphere
astraphobia
attacking
attrited
autocrat
awol
aztreonam
backhander
backswimmer
bafflement
baritone
batrachomyomachia
beastliness
beef
befuddlement
begrimed
behind
bellyache
bemusement
beriberi
berserk
berserker
besieged
bewilderment
biff
biserrate
blare
blaring
blench
blitz
blitzkrieg
blushing
blustering
blusterous
bobble
bodge
bollix
bollocks
bolshy
boo
boor
botch
botched
boxershorts
brackish
bronchitic
bronchospasm
bruise
brunet
bullheaded
bungled
burgundy
cacophonic
cacophonous
cacophony
cadaverine
caffer
caffre
caitiff
calorific
calumniation
cantankerous
caries
cat
catastrophic
cavalier
censorious
chanceful
characterless
cheapjack
cheekiness
chevalier
chilliness
christless
clashing
clumsiness
coarsened
cod
coldcock
coldhearted
coldness
collide
comedown
comminate
complaining
complainingly
complaintive
complicate
complicatedness
condole
consolable
constabulary
contracture
copout
coronach
counterfeit
countermove
crabbedness
crabbiness
craven
cretinous
criminative
criminatory
crinkled
crinkly
cripple
croak
croaking
crone
crookback
crookback
crookbacked
crossbones
crotchety
cruel
cumulonimbus
cur
curse
daredevil
darkened
dastard
dastard
dastardly
daunting
dauntless
deaf
debilitated
default
defencelessness
defenselessness
deleterious
demonic
depigmentation
deprecate
deprecation
dermatosis
desolate
despot
destructibility
detrimental
diatribe
dicey
dilapidate
dipped
dirge
disadvantage
disarray
disconcerting
discourtesy
discredit
disdainful
disentangled
disfavor
disfavour
disgruntle
dishonourable
dislogistic
dismayed
disreputability
disreputableness
disrespect
dissatisfy
dissimulation
dissonate
distressfulness
distressingness
distrustfulness
dizzy
drawers
dyslogistic
dysuria
ebony
edentulous
elegist
embolus
endangerment
enervated
enmesh
ensnarl
entanglement
erythema
essential
evasiveness
exasperated
excoriate
excruciating
executing
extremist
eyelessness
facer
falseness
fantasist
fantods
fardel
featherbrained
fell
ferociousness
fetidness
fiasco
fiendish
filagree
filigree
fillagree
finable
fineable
finical
finicky
firebomb
fitfulness
flagitious
flaw
flimsiness
flout
flouter
flub
fluster
follies
foolhardy
foothill
footsore
foreboding
foredoom
fossilised
fossilized
fractiousness
fray
frenetic
frore
frown
frowningly
fudge
fugaciousness
fugly
fulminant
fuschia
futureless
gainlessly
gangdom
gangland
gangrenous
gaudery
gawk
gawker
gawp
gemfibrozil
giddy
glibly
glossalgia
glossodynia
glowering
goblin
goggle
graceless
graffiti
graffito
granitelike
gratingly
greenhorn
gridlock
griever
grimy
gripe
grisly
groan
groan
gruesome
grungy
guanaco
guerilla
guerrilla
gynophobia
haemosiderosis
halfhearted
hangnail
haply
hardihood
harrowing
hazardousness
heartburn
heinous
hemosiderosis
hepatomegaly
heterogeneity
heterogeneousness
heterology
hisser
homeliness
honkey
honkie
honky
hoodlum
hoodoo
hooligan
hoydenish
hullabaloo
humorless
humourless
humpbacked
humped
hunchbacked
hyperadrenocorticism
hypermetropia
hypermetropy
hyperopia
hypoglycaemia
hypoglycemia
hypotensive
hysteric
iconoclasm
ignorantly
illiteracy
imbecility
immolate
immortal
immunised
immunized
immunodeficiency
impenetrableness
imperil
impolitic
impropriety
impuissant
impunity
inability
inaesthetic
inalienable
inapplicability
inappositeness
inaptness
inartistic
inattention
incapable
incertain
incognizable
incognoscible
incommodiousness
incompatibly
incompleteness
inconsistently
inconvenience
incorrigible
incredulous
incriminating
incriminatory
inculpative
inculpatory
incursive
indecorous
indecorously
indecorum
indefensible
indestructibility
indigent
indiscreet
indiscriminating
inelegance
inelegant
inelegantly
inexcusable
inexpedient
inexpert
inexplicable
inexplicitness
inframaxillary
infrequency
inhumaneness
inhumanity
injurious
inquest
inquisition
insanitary
insincere
insincerity
instability
insult
insusceptible
intimidating
intrepid
invading
invulnerable
irrelevance
irrelevancy
irresolutely
jackanapes
jeerer
jeopardise
jeopardy
jeremiad
jerkiness
jotter
kafir
keratalgia
keratectasia
keratonosis
kerfuffle
kleptomaniac
knottiness
kyphotic
lair
lamentation
lamented
lamenter
lamenting
languid
languorous
laryngopharynx
lassitude
leery
legless
lepidote
leprose
livedo
locoism
logginess
loginess
longsightedness
loosened
lordotic
lower
luckless
lugubrious
luridness
lycopene
macabre
machilid
madhouse
magnified
maledict
maleficent
malinger
malodorousness
mandibular
mandibulofacial
mange
manslayer
mastalgia
maxillomandibular
megacolon
megalohepatia
megalomaniacal
megalomanic
melanoderma
melee
messy
metralgia
mettle
mirthless
miscreation
miserableness
misquotation
misquote
misrepresent
misspelling
mistranslation
mistrustful
misused
mitigated
moan
moan
molester
moonless
morose
mourner
mug
mujahadeen
mujahadein
mujahadin
mujahedeen
mujahedin
mujahideen
mujahidin
murderee
murderer
mussy
mutilate
mutism
mysophilia
mysophobia
names
narcosis
nastily
necessary
necessitous
needless
nephralgia
neurotropic
nightshirt
nociceptive
nonchristian
nonconformity
nondescript
nonenterprising
noninflammatory
nonnatural
nonrhythmic
nonslippery
nontechnical
nontraditional
nosiness
notepaper
nubbly
nubby
numbness
nuthouse
nyctalopia
nyctophobia
nympho
nymphomaniac
obscureness
obstreperousness
odiousness
offensiveness
offish
oosphere
ophthalmia
ophthalmitis
ornery
ossified
osteoporosis
osteosclerosis
outcry
overanxiety
overanxious
overbite
overbold
overmuch
overreaching
oversuspicious
overtolerance
painful
pale
pallid
pallidity
pants
paralogism
paramnesia
paraphilia
parlous
patchy
peevishness
pejorative
perilous
perilousness
perishable
perplexing
philistine
phrenetic
picky
pigheaded
playlet
plenty
podalgia
poignance
police
poltergeist
poorly
posse
posthumously
powerlessness
prodromal
prodromic
profaned
profaneness
profanity
profitless
profitlessly
prophetic
prophetical
proteinuria
provisionally
provoking
prying
pudge
pulseless
punctureless
punishable
punitive
punitory
purposelessness
puzzlement
pyromania
pyrosis
quash
quavering
querulous
quietus
quixotic
radioprotection
rancidness
rareness
rash
rasping
raspingly
refracture
regretfully
reprimand
reproach
reproachful
reprove
reproving
requiem
requiescat
requisite
retch
rigid
rigorousness
rigourousness
riskiness
riskless
rockbound
rocklike
rookie
rope
roughneck
rowdy
ruffian
ruining
ruinous
rumbling
sabotage
sacrilegiousness
samsara
sassy
satanic
saturnine
savage
scapegrace
scathing
scoff
scorner
scratching
screwy
searing
secondo
semidark
settling
severely
shambolic
shattered
sheltered
shibah
shit
shiva
shivah
shocked
shopsoiled
shout
sic
sigmoidoscopy
simmpleness
simpleton
sinfulness
skreigh
slickly
slubbed
slyboots
smothering
snappish
sneerer
sneezy
snitch
snoopiness
sociopathic
somatosense
sorrower
soured
sparseness
sparsity
speakeasy
speciousness
spermicidal
spondylitis
sporadic
sprain
spurner
squab
squabby
squawk
stagger
standoffish
staunchness
stereotyped
stereotypic
stereotypical
stickpin
stinging
stingy
stinkiness
stodginess
stogie
stogy
strafer
straits
stratus
stressful
stroppy
stupidity
subbing
subjugated
subsiding
succuss
suffocating
suffocative
supercilious
superfatted
superstition
swayback
swaybacked
swipe
synovitis
tattered
tatty
teargas
technophobia
temerarious
tenesmus
terrifying
terrorism
thanatophobia
thankless
thermalgesia
threnody
thug
thuggee
thundercloud
token
tokenish
tomboyish
torch
torpedo
torpidness
torturesome
torturing
torturous
toxicity
traducement
traumatic
tremulous
triskaidekaphobic
truant
truculence
truculency
trying
tussle
twilight
twilit
uglify
ultra
unaccredited
unaesthetic
unaged
unapologetic
unapparent
unappeasable
unapprehensive
unartistic
unavailable
unawareness
unbecoming
unbecomingly
unbigoted
unbraced
unbranded
unbridgeable
unceremonial
unchristian
uncomely
uncompensated
uncomprehending
unconstitutional
undeferential
undependability
undependableness
underbred
underdevelopment
underdrawers
underfed
underlip
undermanned
undernourished
underproduction
underside
understaffed
undersurface
undeservedly
undiscriminating
undistinguished
undisturbed
undramatic
undutiful
undutifulness
uneager
uneffective
unemployed
unendowed
unenlightened
unenterprising
unenthusiastic
unenthusiastically
unexcitable
unexciting
unexplainable
unfavorable
unfavourable
unfearing
unfeminine
unfirm
unflinching
unforbearing
unforgiving
ungracious
ungratifying
unhazardous
unhearing
unheated
unhelpful
unhumorous
uniformness
unilluminated
unimposing
unintelligent
unintended
unintimidated
uninventive
unjustifiably
unlettered
unlicenced
unlicensed
unlocated
unlovely
unloving
unmalicious
unmechanical
unmelodic
unmethodical
unmindful
unmindfully
unobligated
unobtainable
unobtrusive
unofficial
unopposable
unoriginality
unpalatable
unparliamentary
unpersuasive
unpicturesque
unplayable
unplayful
unpleasant
unpolished
unprincipled
unprocurable
unproductiveness
unprotectedness
unproved
unproven
unreasoning
unredeemed
unrefined
unregenerate
unreliability
unreliableness
unrepaired
unrespectability
unruliness
unsalaried
unsanctioned
unsanitary
unsated
unsatiated
unsatisfiable
unsaved
unschooled
unscrupulous
unscrupulousness
unseemly
unselective
unsexy
unshapely
unskillfulness
unsnarled
unstableness
unsterilised
unsterilized
unstimulating
unstylish
unsurmountable
unsymmetric
untactful
untamed
untaught
untechnical
untended
unthankful
untidiness
untraditional
untrusting
untutored
unwarmed
unwell
unwillingly
unwomanly
upbraid
upsetting
uratemia
uricaciduria
urodynia
vanity
vaulting
venomed
verruca
vertiginous
viciousness
violated
violative
vituperative
vixenish
vociferation
wailful
wailing
wantonness
waspish
wavelike
waylay
weathered
weatherworn
weeds
weepy
weirdie
weirdy
wheeze
whelm
whiney
whiny
whippersnapper
whitey
wilfulness
willfulness
wistfulness
witchlike
woozy
wretchedness
xanthosis
yob
yobbo
yobo
