admirable
approval
cheer
comfortable
correct
decent
dependable
elated
exhilarating
favorable
favourable
gay
glad
gladden
golden
good
good
gracious
happy
honorable
joy
joyful
jubilant
just
nice
recreate
right
ripe
rosy
sound
warmheartedness
adept
admiration
admire
affection
affectionate
affirmative
amative
amicable
approbative
approbatory
approve
approved
approving
beaming
beguiled
belonging
benefic
beneficence
beneficent
beneficial
benevolence
bewitching
blithely
blitheness
captivating
cheerful
cheerfully
cheering
complacence
complacency
complacent
confident
content
contented
contentment
courteous
devoted
elate
elating
embolden
enchanting
encouraged
enthralled
enthralling
enthrallment
enthusiasm
entranced
entrancing
esteem
estimable
euphoria
euphoriant
euphoric
euphory
excellent
exciting
exhilarated
exhilaration
expert
exuberance
exultant
exulting
fantabulous
fascinating
favorably
favourably
fortunate
friendliness
fulfil
fulfill
gayly
gladdened
gladsome
gleeful
gleefully
good
goodness
grateful
gratify
gratitude
gusto
happily
happiness
hearten
hilarious
hopeful
jocularity
jocund
jocundity
jolliness
jollity
jolly
jovial
joy
joyfully
joyfulness
joyous
joyously
joyousness
jubilantly
kindly
likable
likeable
liking
lovesome
loving
merrily
merry
mirthfully
optimism
optimistic
optimistically
peaceable
philia
plausive
pleased
pleasing
plus
practiced
proficient
reassured
rejoicing
respectable
salutary
sanguine
sanguineness
sanguinity
satiable
satisfactorily
satisfactory
satisfiable
satisfy
satisfying
skilful
skillful
splendid
stimulating
thankful
titillating
triumphant
undecomposed
unruffled
unspoiled
unspoilt
warmhearted
well
zealous
zest
zestfulness
adroit
affable
affluence
agreeableness
alleviate
amenity
amiable
applaudable
assoil
auspicious
bankable
banner
beamish
beauteous
beautiful
becoming
benignant
best
blissful
blithesome
bonnie
bonny
boss
bouncing
brag
brilliance
bully
celebrated
cheery
cherubic
chipper
comely
commendable
commonsense
commonsensible
commonsensical
congratulatory
congruous
consuming
corking
correctitude
cosy
couthie
couthy
cracking
creditable
dandy
decorous
delightful
deliverance
desirable
diplomatical
dulcet
eleemosynary
especial
esteemed
eudaemonia
eudaimonia
exculpate
exonerate
fab
famed
famous
fetching
finer
fortuitously
fortunately
further
gaiety
gifted
glorious
gorgeous
gratifying
gratulatory
groundbreaking
hale
heroism
highbrow
highbrowed
honored
idealised
idealized
ingenious
innovational
jesting
jocose
jocular
joking
judicious
justifiably
laudable
laughing
laureate
levelheaded
lighthearted
liked
logicality
logicalness
lovely
luckily
mannerly
marvel
masterful
masterly
mellifluous
mellisonant
meritable
meritorious
model
nifty
notable
noted
noteworthy
obey
okay
opportune
optimal
optimum
pastime
peaceful
personable
philogyny
pluperfect
pollyannaish
praise
praiseworthy
precise
preferential
presentable
primo
profuseness
profusion
prolificacy
properness
propriety
prosper
prosperity
quotable
reanimate
renowned
reputability
reputable
rescue
respectability
respected
resplendent
reverential
revivify
riant
sainted
saintlike
saintly
sensibly
sightly
sincere
skilled
skillfulness
smashing
smiling
soundness
spiffing
splendiferous
stimulated
successfulness
suitable
sunny
superb
sweet
sweetly
swell
taking
talented
thrive
together
topping
trusted
twinkly
unfeigned
upbeat
upstanding
valiance
valiancy
valor
valorousness
valour
venerating
virtuoso
wellbeing
winning
wonder
wonderful
wonderment
wondrous
worthful
worthiness
worthwhile
worthy
accurate
admired
admittable
admittible
adoptable
adorable
advantage
advantageously
agog
alterative
amendable
amusive
ancillary
appositeness
appropriate
assentient
blest
boffo
bullish
charismatic
cherished
cognisable
cognise
cognize
cognoscible
competence
competency
compliant
confirmative
confirmatory
conformism
congruence
congruity
congruousness
considerateness
copacetic
copasetic
copesetic
copesettic
corrigible
corroborative
corroboratory
countenance
courting
courtship
creditworthy
cunning
curative
debonair
debonaire
decided
decorousness
decorum
deft
dependability
dependableness
dexterous
dextrous
diverting
earnestness
ebullience
ecstatic
elastic
eligible
encomiastic
endearing
engaging
enjoyable
enlivened
enraptured
erotic
eulogistic
exalted
experienced
experient
exportable
felicitous
fertilizable
festal
festive
fevered
fittingness
flattering
flourishing
gainly
guarded
halcyon
handy
harmonical
harmonious
harmonised
harmonized
healing
hedonic
hedonistic
honorific
honourable
honourably
humorous
humourous
illustrious
impeccant
innovative
inspired
irenic
jaunty
knowable
laudatory
laugh
livable
liveable
magnificent
majestic
malleability
manipulable
mesmeric
mesmerizing
o.k.
ok
okay
opportuneness
opportunist
palmy
panegyric
panegyrical
patness
peppy
perfectible
perky
photogenic
pious
placation
plasticity
pleasant
pleasurable
politic
practised
praiseful
praising
prepossessing
prestigious
prize
profit
promising
promotive
prospering
prudent
pulchritudinous
rapt
rapturous
ratiocinative
rattling
ravishing
reconstructive
reliability
reliableness
respectful
rhapsodic
righteousness
roaring
rubicund
sanative
satiate
satiated
satisfactoriness
scalable
seemliness
seemly
sensuous
sinless
sociable
spellbinding
staid
staunch
suave
substantiating
substantiative
successful
symphonious
tenable
thriving
timeserving
tolerable
treasured
trusty
understated
unexceptionable
validating
validatory
valued
verificatory
verifying
versed
veteran
voluntarily
waggish
welcome
wholesome
wholesomeness
willingness
winsome
wooing
workmanlike
able
abundant
acceptability
acceptable
acceptableness
accessary
accessible
accessory
acclaim
accommodating
accordant
accredited
ace
adequate
adequately
adequateness
adjuvant
administrable
admirability
admirableness
admiringly
admissible
adorned
advantage
advisable
aesthetical
affectionately
affirmatory
agreeability
agreeable
alimental
alimentary
allegiant
alluring
amiability
amused
amusing
angelic
angelical
animate
anthelminthic
anthelmintic
antifertility
antimicrobial
antimicrobic
appeasable
applaud
apposite
appraising
approachability
approachable
approbation
approvingly
aptitude
ascribable
assiduous
assistive
assured
astute
attire
attractive
autoerotic
aware
awesome
awing
bankrupt
bantering
baronial
beatific
beatified
benefit
blanket
blate
blessed
bonzer
bouncy
bowing
bracing
brilliant
cagey
cagy
cantabile
canty
capable
carpetbagging
catholic
celibate
certificatory
champion
chary
chaste
chewable
chic
chirpiness
chivalrous
choice
christian
christlike
christly
circumspect
cleanliness
clever
closelipped
closemouthed
cognisance
cognisant
cognizant
comestible
comfy
commendation
companionate
compatible
competent
complaisant
comradely
conceptive
conciliable
conciliation
conciliative
concupiscent
conditioned
conformable
congenial
consecrate
consecrated
consensual
consent
consenting
consistently
consonant
constructive
consummate
contraceptive
controllable
convivial
cordial
correctable
corrective
correctness
countywide
courtly
crack
craftsmanship
crafty
creative
creativeness
creativity
curative
cure
cute
cuttable
danceable
dashing
dear
decorated
decorously
dedicated
deductible
deferent
deferential
delicious
democratic
describable
deserved
deserving
designing
detailed
diligent
discriminate
dishy
disposable
diverted
docile
dosed
drinkable
earnest
eatable
edible
edifying
educative
efficacious
efficaciousness
efficacy
elaborated
elasticity
enabling
encyclopaedic
encyclopedic
entertained
entertaining
enticing
enwrapped
epicurean
epochal
equitable
errorless
esthetical
ethical
eudaemon
eudaemonic
eudemon
eudemonic
euphonious
euphonous
evaluative
exact
executable
expansive
expedient
explainable
explicable
exploded
expressible
facetious
faithful
fancify
farcical
feasible
fecund
feelingly
felicity
fertile
finespun
fit
fitter
fitting
flourish
foreseeable
formative
foster
foxy
frisky
fruiting
gainful
gallant
gentlemanlike
gentlemanly
getatable
goodish
governable
gracefulness
graciousness
grand
greatest
groovy
guileful
habitable
halal
hallowed
handsome
harmonizable
healthful
healthfulness
healthier
healthiness
healthy
heartening
heartfelt
helminthic
helpful
historied
homelike
homey
homy
honor
honorableness
honorably
honoring
honour
honourableness
hospitable
hospitableness
hygienic
hygienical
identifiable
idyllic
imaginative
implemental
imposing
improvement
incisive
indulgent
informed
ingratiating
inhabitable
inspiriting
intelligent
intent
interestingness
interpretable
intimate
inventive
iterative
jape
jest
justifiable
killing
kind
kindly
kittenish
knavish
knowing
knowledgeable
kosher
ladylike
lamblike
laurels
leal
learned
lettered
licenced
licensed
licitly
liege
lifelike
lightsome
liven
lofty
logical
lovable
loveable
loyal
luckiness
lucky
lucrative
lustrous
lusty
luxurious
lyrical
magnificence
maintained
manageable
manageably
mastered
matey
maximal
maximum
meaning
meaningful
meek
meet
melodious
merited
merriment
meticulous
metier
mirrorlike
mitigable
moralistic
morally
neighborly
neighbourly
nonnegative
nourishing
nutrient
nutritious
nutritive
obliging
observable
olympian
operable
optimist
opulent
originative
overabundant
overcautious
overcredulous
overjoyed
overriding
overripe
pacific
painterly
pally
paramount
parasiticidal
passable
passionate
peachy
percipient
perfectibility
perfumed
permutable
perspicacious
pertinent
picturesque
piety
piousness
plastic
playable
pleasantness
pleasingness
pledged
plenary
plenteous
plentiful
plethoric
polish
polite
popularity
potable
precaution
precious
precision
precooked
predominate
preferable
premium
prepared
preponderant
preponderating
prescient
preservable
prettify
priggish
prim
primed
prizewinning
productive
profit
profitable
prolific
pronounced
proper
prophylactic
propitiative
prosperous
proud
prudish
puncturable
purposefulness
pursuant
rallying
randy
rational
ready
reanimated
reasonable
reasonably
reasoned
recherche
reclaimable
recollective
reconciled
reconciling
recuperative
recyclable
redeeming
referable
refreshful
refreshing
regardful
rehabilitative
reinforced
reiterative
releasing
reliable
remedial
repeatable
resolute
respect
restorative
reusable
revered
reverend
richness
righteous
rightful
rousing
ruddy
ruttish
sacred
sagacious
salubrious
sanctified
sane
sanely
saneness
sanity
scintillating
seasonable
seasoned
secretive
sedate
sedulous
select
semiconducting
semiconductive
serendipitous
seriocomic
seriocomical
serviceable
shapely
shaping
shining
sidesplitting
simplified
singing
sinkable
slavelike
sly
snazzy
solemn
solvency
sophisticated
spaciotemporal
sparkly
speakable
specifiable
splendor
splendour
stableness
stalwart
standardised
standardized
stately
statewide
steadfast
sterling
stirring
straightarrow
straightlaced
strengthened
studded
sublime
successfully
sufficient
sumptuous
super
superabundant
superlative
supportive
supreme
surpassing
susceptible
sworn
sybaritic
synergetic
systematically
tactful
tamable
tameable
tasteful
teachable
tempting
tested
therapeutic
thorough
thrifty
tightlipped
timely
tiptop
topnotch
tops
tractable
transposable
tremendous
tricksy
tried
true
truehearted
truthful
unalarming
unalloyed
unbeaten
unburied
unconquered
uncoupled
undefeated
unharmed
uninfected
unscathed
unswerving
unvanquished
upgrade
upscale
utterable
valuable
verdant
verve
viable
victorian
victorious
victory
viewable
vim
virtuous
vitality
vitalizing
vivify
voguish
voluptuary
voluptuous
votive
vowellike
wellness
whipping
wily
wiseness
wonderfulness
workable
workmanship
zestful
zippy
ably
abounding
aboveboard
aboveboard
abreast
absorbing
accelerated
acceptably
acceptant
acclaim
acclamation
acclivity
accolade
accommodative
accomplishable
according
achievable
acquiesce
acquiescent
actionable
adaptability
adapted
addictive
addressed
adequacy
adjustable
admissive
adored
adrenocorticotrophic
adrenocorticotropic
advancing
advantageous
advertent
advertently
advised
aesthetic
affirmable
affirmative
affluent
agape
agglomerate
agglomerated
agglomerative
agile
aglitter
agreeably
airworthy
alright
amalgamate
amalgamated
amendatory
amentaceous
amentiferous
anchoritic
animating
answerable
antimonopoly
antitrust
apart
aplanatic
apocryphal
apodeictic
apodictic
appeasing
appetising
appetizing
applause
applicable
applicative
applicatory
apposable
approbate
appropriateness
approving
apropos
aptly
arable
arbitrary
aright
artistry
ascendable
ascendant
ascendent
ascendible
ascensive
ascertainable
aseptic
aspirant
aspiring
assent
assertable
asserted
assessable
associable
assuage
assuring
attachable
attune
auspiciousness
autofluorescent
autogamic
autogamous
auxiliary
avertable
avertible
avoidable
avouchment
avowal
aweary
axenic
azure
babelike
beadlike
beady
beauteousness
befitting
beingness
beloved
betrothed
better
betting
biddable
bighearted
bimanual
bindable
bookish
booming
bordered
born
bosomy
bounden
bounteous
bountiful
bravura
breathtaking
bridgeable
buffoonish
built
bullocky
bunce
buoyant
busty
buttonlike
buttony
cadenced
cadent
callipygian
callipygous
canny
canorous
capableness
capably
captive
casebook
catching
cathartic
causal
cautious
centralising
centralizing
certificated
cerulean
chained
champleve
characteristic
charming
cheerily
chief
childlike
chirpy
chiseled
choiceness
christianly
chubby
circumstantial
citywide
civility
clabber
clapping
cleanable
clinking
cloisonne
cloistral
cloudless
clownish
clownlike
coalesced
coaxing
cocksure
cogitable
color
colour
combustible
comeliness
committed
companionability
companionableness
compatibly
competently
complemental
completing
compliment
compliment
comprehendible
comprehensible
comprehensive
conciliatory
condign
conductive
confederate
confederative
confidently
confining
confusable
congratulations
conscionable
consciousness
consentaneous
consentient
considered
constraining
constructiveness
contractable
conventual
conversant
convince
copious
copybook
copyedit
copyread
coquettish
correctly
corruptibility
coruscant
cosher
countrywide
crackerjack
credibly
credited
cringing
cultivable
cultivatable
curable
curvaceous
dapper
darling
daytime
debonnaire
declarable
definable
defined
definite
deliberate
deliverable
deluxe
denazify
derestrict
desegregation
deserve
deservedly
destabilisation
detachable
determinable
diagnosable
dianoetic
didacticism
digestibility
digestible
digestibleness
dignifying
diplomatic
directing
directive
dirigible
disabuse
disavowable
discernable
discernible
disciplinal
discoverable
discretional
discriminable
discriminative
disinflation
disjoined
distinguished
distrustfully
doable
donate
dress
drilled
droll
ducal
ductile
eclectic
ecumenical
edified
edited
educated
effectivity
effectuality
effectualness
elasticised
elasticized
elder
elite
eloquent
emancipative
embonpoint
emended
empathetic
empathic
enable
enchained
encompassing
endear
endergonic
engrossing
enhancement
enhancive
enjoyably
enlivening
enough
enured
epideictic
epideictical
epigrammatic
ergodic
erudite
esthetic
ethically
eugenics
euphony
evident
evidential
evitable
exchangeable
exhaustive
exhortative
exhortatory
exoteric
expeditious
explicit
explicitness
extant
exterior
extol
extoller
extolment
extraordinaire
extraversive
extroversive
faced
facilitatory
factuality
factualness
fain
fame
familiarising
familiarizing
famished
fascinated
fatherlike
fatherly
featured
felicitousness
fervency
fervidness
festivity
fettle
filmable
fissionable
flirtatious
foldable
foldaway
folding
freebee
freebie
freehearted
freewill
fulgid
fused
gainfulness
galvanising
galvanizing
gaping
gemmed
gentlefolk
germfree
germinal
getable
gettable
gingerly
giving
glamorise
glamourize
glinting
glistering
glittering
glittery
glossy
glowing
go
godsend
graceful
graciously
grandeur
greater
greathearted
gripping
grovelling
gushy
haleness
hallow
hammy
handclap
hearing
heartwarming
hearty
heed
heedfully
helpfully
hermitic
histrionic
homeopathy
homoeopathy
honestness
honeyed
honor
honour
hortative
hortatory
hospitality
huge
humorously
hurried
hypnotised
hypnotized
idolised
idolized
ignescent
immense
immunocompetent
impellent
importunate
imposingly
impressible
impressionable
impressive
impressively
improving
incorruption
incorruptness
indefatigable
inebriated
inflatable
influential
inlaid
inpatient
insightful
insolvent
integrating
intellectual
intended
interactional
interestingly
introversive
introvertive
inured
invaluable
invigorated
invigorating
inviolate
invitatory
inviting
inwrought
irremediable
jeweled
jewelled
jimdandy
jimhickey
judicable
key
kindhearted
knockout
knowingly
kudos
laborsaving
laboursaving
ladened
landscaped
laud
laudator
lauder
lawfully
legality
legged
legible
limbed
loan
loungewear
loved
loveliness
lucidness
lucrativeness
lucullan
lustful
lyricality
macro
maestro
magniloquent
malleable
maneuverable
manoeuvrable
marksmanship
marriageable
marvel
master
matched
matured
medicative
medicinal
merit
mesmerised
mesmerized
mincing
mindful
mindfully
ministrant
mint
miscible
mismate
mistakable
mistrustfully
mixable
modernised
modernized
monastic
monastical
moral
motile
motivated
moveable
muggins
must
myopia
narcism
narcissism
nationwide
natty
nearsightedness
neighborliness
neighbourliness
neutralised
neutralized
newsworthy
nightlong
nimble
nonbelligerent
nonpartisan
nonpartizan
nosed
noticeable
nourished
novel
nubile
numerate
obedient
observing
obtainable
oecumenical
omissible
openhanded
opportunely
opposable
orientate
orientating
orienting
orthotropous
otherworldliness
outdoorsy
overambitious
overconfident
overdress
overfed
overindulgent
overlook
overnight
overpraise
overrate
overt
owlish
palatable
paneled
panoptic
paperboard
participatory
particularised
particularized
patriotic
pawky
paying
pensionable
pent
perfect
perfectly
permissiveness
persevering
persuasive
philanthropic
pinkish
piquant
pithy
placating
placative
placatory
plaudit
plaudits
plausibly
playful
pleasantly
pleasantry
pleaser
pliant
plump
plumping
plush
politeness
pomaded
pornographic
powered
powerfulness
practicable
praisworthiness
prayerful
preachy
preciseness
preferred
presumptive
priceless
prima
princely
principal
principled
prissy
probative
probatory
procurable
productiveness
profitability
profuse
propellant
propellent
propelling
propitious
propitiousness
protrusible
protrusile
proved
proven
provident
prowess
proximal
prudential
prudently
prurient
publishable
pucka
pukka
purposeful
quality
quantifiable
racy
raisable
raiseable
rapid
ratifier
rationally
reachable
reasoning
rechargeable
recognizable
recollect
reconcilable
recoverable
rectifiable
rectitude
redeemable
reflective
reformative
reformatory
refreshed
refreshen
refurbishment
regent
regulation
reinvigorated
remunerative
renewing
rentable
reparable
repetitious
replete
representable
repute
rested
restricting
retained
retractable
retrousse
revitalised
revitalising
revitalized
revitalizing
revived
reviving
rewardful
rewarding
rightfulness
rimmed
ripened
rivalry
riveting
rotatable
sacrosanct
sagely
salable
saleable
sanction
sanctioning
saphead
sapient
sapiential
saving
scholarly
schoolwide
scintillant
seamanlike
seamanly
seamanship
seeable
selected
semiprecious
sensibleness
septicemic
sequined
seraphic
serviceability
serviceableness
sexed
shameless
sheathed
shew
shockable
shrinkable
signal
singable
skilfully
skillfully
slapstick
slashing
slumbery
soigne
soignee
sold
solvable
somatic
somnolent
songful
songfulness
sonsie
sonsy
soulful
spangled
spangly
spanking
speaking
specialised
specialized
specifically
spellbound
spendable
spiffy
spiritism
sportsmanlike
sprightly
springy
spruce
spry
sr.
stabilising
stability
stabilizing
staple
staple
star
starring
stated
statesmanlike
statesmanly
steerable
stimulative
stout
stretchable
stretchy
studious
suasion
subedit
subjective
sublimate
submergible
submersible
submissive
subsidised
subsidized
subsist
substantiality
substantialness
sunnily
superordinate
suprasegmental
sweet
sweetish
swordsmanship
symmetricalness
sync
tact
tactfulness
tapestried
tastefulness
telltale
tempering
tendencious
tendentious
textbook
thinking
tickling
tightfitting
tillable
timeliness
tingling
tolerably
tomfool
tonicity
tonus
topknotted
touristed
touristy
transfixed
transitive
transmittable
transplantable
transportable
trendy
trustful
trusting
truthfully
truthfulness
tuneful
twee
twinkling
ultramarine
umbrella
unambiguity
unblushing
unco
uncompress
unconstrained
undamaged
unequivocalness
unfasten
unhesitating
unimpassioned
unimprisoned
unknot
unlax
unpolluted
unprejudiced
unsleeping
unstilted
unstrain
unusually
unwearying
uplifted
urbane
usability
usableness
useableness
useful
utile
utiliser
utilitarianism
utilizable
utilizer
utopia
uxorious
validated
variedness
vast
venerable
veracious
verified
vigorous
visible
visored
vitrified
vivacious
voluble
volunteer
wainscoted
waiting
wakeless
wealthy
weary
weedless
welcoming
welfare
whirring
wieldy
wise
wisely
wittingly
wormlike
worshipped
youthful
